MPLINK 5.09, LINKER
Linker Map File - Created Wed Jul 10 10:39:15 2019

                                 Section Info
                  Section       Type    Address   Location Size(Bytes)
                ---------  ---------  ---------  ---------  ---------
                   .org_0       code   0x001000    program   0x000004
                   .cinit    romdata   0x001004    program   0x000002
                   .org_1       code   0x001008    program   0x000002
                   .org_2       code   0x001018    program   0x00001a
.config_300001_BUILD/DEFAULT/PRODUCTION/MAIN.O    romdata   0x300001    program   0x000001
.config_300002_BUILD/DEFAULT/PRODUCTION/MAIN.O    romdata   0x300002    program   0x000001
.config_300003_BUILD/DEFAULT/PRODUCTION/MAIN.O    romdata   0x300003    program   0x000001
.config_300005_BUILD/DEFAULT/PRODUCTION/MAIN.O    romdata   0x300005    program   0x000001
.config_300006_BUILD/DEFAULT/PRODUCTION/MAIN.O    romdata   0x300006    program   0x000001



                              Program Memory Usage 
                               Start         End      
                           ---------   ---------      
                            0x001000    0x001005      
                            0x001008    0x001009      
                            0x001018    0x001031      
                            0x300001    0x300003      
                            0x300005    0x300006      
            39 out of 33048 program addresses used, program memory utilization is 0%



                              Symbols - Sorted by Name
                     Name    Address   Location    Storage File                     
                ---------  ---------  ---------  --------- ---------                
                     ESTA   0x00102a    program     static D:\OneDrive\Silvano\1_IOnet\Produtos\KDPIC4550v1\ExemplosAssembly\Exemplo_Assembly01.X\main.asm
                   INICIO   0x00101a    program     static D:\OneDrive\Silvano\1_IOnet\Produtos\KDPIC4550v1\ExemplosAssembly\Exemplo_Assembly01.X\main.asm
                 NAO_ESTA   0x00102e    program     static D:\OneDrive\Silvano\1_IOnet\Produtos\KDPIC4550v1\ExemplosAssembly\Exemplo_Assembly01.X\main.asm
                     TEST   0x001026    program     static D:\OneDrive\Silvano\1_IOnet\Produtos\KDPIC4550v1\ExemplosAssembly\Exemplo_Assembly01.X\main.asm



                              Symbols - Sorted by Address
                     Name    Address   Location    Storage File                     
                ---------  ---------  ---------  --------- ---------                
                   INICIO   0x00101a    program     static D:\OneDrive\Silvano\1_IOnet\Produtos\KDPIC4550v1\ExemplosAssembly\Exemplo_Assembly01.X\main.asm
                     TEST   0x001026    program     static D:\OneDrive\Silvano\1_IOnet\Produtos\KDPIC4550v1\ExemplosAssembly\Exemplo_Assembly01.X\main.asm
                     ESTA   0x00102a    program     static D:\OneDrive\Silvano\1_IOnet\Produtos\KDPIC4550v1\ExemplosAssembly\Exemplo_Assembly01.X\main.asm
                 NAO_ESTA   0x00102e    program     static D:\OneDrive\Silvano\1_IOnet\Produtos\KDPIC4550v1\ExemplosAssembly\Exemplo_Assembly01.X\main.asm


